---
source: crates/core/src/parser/mod.rs
expression: "parse(r\"\\color{bred}1\")"
---
Ok(
    [
        Color(
            Color {
                color: Named(
                    "bred",
                ),
                inner: [
                    Symbol(
                        Symbol {
                            codepoint: '1',
                            atom_type: Alpha,
                        },
                    ),
                ],
            },
        ),
    ],
)
