---
source: src/parser/mod.rs
expression: "parse(r\"1\\!2\")"
---
Ok(
    [
        Symbol(
            Symbol {
                codepoint: '1',
                atom_type: Alpha,
            },
        ),
        Kerning(
            Em(
                -0.16666666666666666,
            ),
        ),
        Symbol(
            Symbol {
                codepoint: '2',
                atom_type: Alpha,
            },
        ),
    ],
)
