---
source: src/parser/mod.rs
expression: "parse(r\"\\biggl(\")"
---
Ok(
    [
        ExtendedDelimiter(
            ExtendedDelimiter {
                symbol: Symbol {
                    codepoint: '(',
                    atom_type: Open,
                },
                height_enclosed_content: Em(
                    1.7,
                ),
            },
        ),
    ],
)
