---
source: src/parser/mod.rs
expression: "parse(r\"\\Biggr|\")"
---
Ok(
    [
        ExtendedDelimiter(
            ExtendedDelimiter {
                symbol: Symbol {
                    codepoint: '|',
                    atom_type: Close,
                },
                height_enclosed_content: Em(
                    2.125,
                ),
            },
        ),
    ],
)
