---
source: src/parser/mod.rs
expression: "parse(r\"1\\mathrel{\\frac{1}{2}} 2\")"
---
Ok(
    [
        Symbol(
            Symbol {
                codepoint: '1',
                atom_type: Alpha,
            },
        ),
        AtomChange(
            AtomChange {
                at: Relation,
                inner: [
                    GenFraction(
                        GenFraction {
                            numerator: [
                                Symbol(
                                    Symbol {
                                        codepoint: '1',
                                        atom_type: Alpha,
                                    },
                                ),
                            ],
                            denominator: [
                                Symbol(
                                    Symbol {
                                        codepoint: '2',
                                        atom_type: Alpha,
                                    },
                                ),
                            ],
                            bar_thickness: Default,
                            left_delimiter: None,
                            right_delimiter: None,
                            style: NoChange,
                        },
                    ),
                ],
            },
        ),
        Symbol(
            Symbol {
                codepoint: '2',
                atom_type: Alpha,
            },
        ),
    ],
)
