---
source: crates/core/src/parser/mod.rs
expression: "parse(r\"\\color{red}{1+1}\")"
---
Ok(
    [
        Color(
            Color {
                color: Named(
                    "red",
                ),
                inner: [
                    Symbol(
                        Symbol {
                            codepoint: '1',
                            atom_type: Alpha,
                        },
                    ),
                    Symbol(
                        Symbol {
                            codepoint: '+',
                            atom_type: Binary,
                        },
                    ),
                    Symbol(
                        Symbol {
                            codepoint: '1',
                            atom_type: Alpha,
                        },
                    ),
                ],
            },
        ),
    ],
)
