---
source: crates/core/src/parser/mod.rs
expression: "parse(r\"\\color{chocolate}\\alpha\")"
---
Ok(
    [
        Color(
            Color {
                color: Named(
                    "chocolate",
                ),
                inner: [
                    Symbol(
                        Symbol {
                            codepoint: '𝛼',
                            atom_type: Alpha,
                        },
                    ),
                ],
            },
        ),
    ],
)
