---
source: src/parser/mod.rs
expression: "parse(r\"\\sqrt'\")"
---
Ok(
    [
        Radical(
            Radical {
                inner: [
                    Scripts(
                        Scripts {
                            base: None,
                            superscript: Some(
                                [
                                    Symbol(
                                        Symbol {
                                            codepoint: '′',
                                            atom_type: Ordinary,
                                        },
                                    ),
                                ],
                            ),
                            subscript: None,
                        },
                    ),
                ],
                character: '√',
                index: None,
            },
        ),
    ],
)
