---
source: src/parser/mod.rs
expression: "parse(r\"\\color{red}{1+1}\")"
---
Ok(
    [
        Color(
            Color {
                color: RGBA(
                    255,
                    0,
                    0,
                    255,
                ),
                inner: [
                    Symbol(
                        Symbol {
                            codepoint: '1',
                            atom_type: Alpha,
                        },
                    ),
                    Symbol(
                        Symbol {
                            codepoint: '+',
                            atom_type: Binary,
                        },
                    ),
                    Symbol(
                        Symbol {
                            codepoint: '1',
                            atom_type: Alpha,
                        },
                    ),
                ],
            },
        ),
    ],
)
